// Vitest Snapshot v1, https://vitest.dev/guide/snapshot.html

exports[`analyzeViemActions installed viem profile > produces a reviewable sorted report for the exact installed dependency 1`] = `
{
  "integrity": "sha512-4QPIX0eYPLsOBk53NKswVMkQoxuP7GlOBnB4wM6dkDokREO4QENNc3bmyPKK1PBTViXh0TPJCHLjIuU20Qi3fg==",
  "report": [
    {
      "reasonCode": "callback_input",
      "result": "excluded",
      "sourceName": "call",
      "sourceProfile": "viem-public",
    },
    {
      "completion": "synchronous",
      "result": "included",
      "sourceName": "createAccessList",
      "sourceProfile": "viem-public",
      "toolName": "workflow.chain.public.create_access_list",
    },
    {
      "reasonCode": "callback_output",
      "result": "excluded",
      "sourceName": "createBlockFilter",
      "sourceProfile": "viem-public",
    },
    {
      "reasonCode": "callback_output",
      "result": "excluded",
      "sourceName": "createContractEventFilter",
      "sourceProfile": "viem-public",
    },
    {
      "reasonCode": "non_finite_request",
      "result": "excluded",
      "sourceName": "createEventFilter",
      "sourceProfile": "viem-public",
    },
    {
      "reasonCode": "callback_output",
      "result": "excluded",
      "sourceName": "createPendingTransactionFilter",
      "sourceProfile": "viem-public",
    },
    {
      "completion": "synchronous",
      "result": "included",
      "sourceName": "estimateContractGas",
      "sourceProfile": "viem-public",
      "toolName": "workflow.chain.public.estimate_contract_gas",
    },
    {
      "completion": "synchronous",
      "result": "included",
      "sourceName": "estimateFeesPerGas",
      "sourceProfile": "viem-public",
      "toolName": "workflow.chain.public.estimate_fees_per_gas",
    },
    {
      "completion": "synchronous",
      "result": "included",
      "sourceName": "estimateGas",
      "sourceProfile": "viem-public",
      "toolName": "workflow.chain.public.estimate_gas",
    },
    {
      "completion": "synchronous",
      "result": "included",
      "sourceName": "estimateMaxPriorityFeePerGas",
      "sourceProfile": "viem-public",
      "toolName": "workflow.chain.public.estimate_max_priority_fee_per_gas",
    },
    {
      "reasonCode": "callback_input",
      "result": "excluded",
      "sourceName": "fillTransaction",
      "sourceProfile": "viem-public",
    },
    {
      "completion": "synchronous",
      "result": "included",
      "sourceName": "getBalance",
      "sourceProfile": "viem-public",
      "toolName": "workflow.chain.public.get_balance",
    },
    {
      "completion": "synchronous",
      "result": "included",
      "sourceName": "getBlobBaseFee",
      "sourceProfile": "viem-public",
      "toolName": "workflow.chain.public.get_blob_base_fee",
    },
    {
      "reasonCode": "non_finite_response",
      "result": "excluded",
      "sourceName": "getBlock",
      "sourceProfile": "viem-public",
    },
    {
      "completion": "synchronous",
      "result": "included",
      "sourceName": "getBlockNumber",
      "sourceProfile": "viem-public",
      "toolName": "workflow.chain.public.get_block_number",
    },
    {
      "completion": "synchronous",
      "result": "included",
      "sourceName": "getBlockReceipts",
      "sourceProfile": "viem-public",
      "toolName": "workflow.chain.public.get_block_receipts",
    },
    {
      "completion": "synchronous",
      "result": "included",
      "sourceName": "getBlockTransactionCount",
      "sourceProfile": "viem-public",
      "toolName": "workflow.chain.public.get_block_transaction_count",
    },
    {
      "reasonCode": "non_finite_response",
      "result": "excluded",
      "sourceName": "getBytecode",
      "sourceProfile": "viem-public",
    },
    {
      "completion": "synchronous",
      "result": "included",
      "sourceName": "getChainId",
      "sourceProfile": "viem-public",
      "toolName": "workflow.chain.public.get_chain_id",
    },
    {
      "reasonCode": "non_finite_response",
      "result": "excluded",
      "sourceName": "getCode",
      "sourceProfile": "viem-public",
    },
    {
      "reasonCode": "non_finite_response",
      "result": "excluded",
      "sourceName": "getContractEvents",
      "sourceProfile": "viem-public",
    },
    {
      "reasonCode": "non_finite_response",
      "result": "excluded",
      "sourceName": "getDelegation",
      "sourceProfile": "viem-public",
    },
    {
      "reasonCode": "opaque_runtime_object",
      "result": "excluded",
      "sourceName": "getEip712Domain",
      "sourceProfile": "viem-public",
    },
    {
      "completion": "synchronous",
      "result": "included",
      "sourceName": "getEnsAddress",
      "sourceProfile": "viem-public",
      "toolName": "workflow.chain.public.get_ens_address",
    },
    {
      "completion": "synchronous",
      "result": "included",
      "sourceName": "getEnsAvatar",
      "sourceProfile": "viem-public",
      "toolName": "workflow.chain.public.get_ens_avatar",
    },
    {
      "completion": "synchronous",
      "result": "included",
      "sourceName": "getEnsName",
      "sourceProfile": "viem-public",
      "toolName": "workflow.chain.public.get_ens_name",
    },
    {
      "completion": "synchronous",
      "result": "included",
      "sourceName": "getEnsResolver",
      "sourceProfile": "viem-public",
      "toolName": "workflow.chain.public.get_ens_resolver",
    },
    {
      "completion": "synchronous",
      "result": "included",
      "sourceName": "getEnsText",
      "sourceProfile": "viem-public",
      "toolName": "workflow.chain.public.get_ens_text",
    },
    {
      "completion": "synchronous",
      "result": "included",
      "sourceName": "getFeeHistory",
      "sourceProfile": "viem-public",
      "toolName": "workflow.chain.public.get_fee_history",
    },
    {
      "reasonCode": "callback_input",
      "result": "excluded",
      "sourceName": "getFilterChanges",
      "sourceProfile": "viem-public",
    },
    {
      "reasonCode": "callback_input",
      "result": "excluded",
      "sourceName": "getFilterLogs",
      "sourceProfile": "viem-public",
    },
    {
      "completion": "synchronous",
      "result": "included",
      "sourceName": "getGasPrice",
      "sourceProfile": "viem-public",
      "toolName": "workflow.chain.public.get_gas_price",
    },
    {
      "reasonCode": "non_finite_request",
      "result": "excluded",
      "sourceName": "getLogs",
      "sourceProfile": "viem-public",
    },
    {
      "completion": "synchronous",
      "result": "included",
      "sourceName": "getProof",
      "sourceProfile": "viem-public",
      "toolName": "workflow.chain.public.get_proof",
    },
    {
      "completion": "synchronous",
      "result": "included",
      "sourceName": "getRawTransaction",
      "sourceProfile": "viem-public",
      "toolName": "workflow.chain.public.get_raw_transaction",
    },
    {
      "reasonCode": "non_finite_response",
      "result": "excluded",
      "sourceName": "getStorageAt",
      "sourceProfile": "viem-public",
    },
    {
      "completion": "synchronous",
      "result": "included",
      "sourceName": "getTransaction",
      "sourceProfile": "viem-public",
      "toolName": "workflow.chain.public.get_transaction",
    },
    {
      "completion": "synchronous",
      "result": "included",
      "sourceName": "getTransactionConfirmations",
      "sourceProfile": "viem-public",
      "toolName": "workflow.chain.public.get_transaction_confirmations",
    },
    {
      "completion": "synchronous",
      "result": "included",
      "sourceName": "getTransactionCount",
      "sourceProfile": "viem-public",
      "toolName": "workflow.chain.public.get_transaction_count",
    },
    {
      "completion": "synchronous",
      "result": "included",
      "sourceName": "getTransactionReceipt",
      "sourceProfile": "viem-public",
      "toolName": "workflow.chain.public.get_transaction_receipt",
    },
    {
      "reasonCode": "non_finite_request",
      "result": "excluded",
      "sourceName": "multicall",
      "sourceProfile": "viem-public",
    },
    {
      "reasonCode": "callback_input",
      "result": "excluded",
      "sourceName": "prepareTransactionRequest",
      "sourceProfile": "viem-public",
    },
    {
      "completion": "synchronous",
      "result": "included",
      "sourceName": "readContract",
      "sourceProfile": "viem-public",
      "toolName": "workflow.chain.public.read_contract",
    },
    {
      "reasonCode": "authenticated_write_not_bound",
      "result": "excluded",
      "sourceName": "sendRawTransaction",
      "sourceProfile": "viem-public",
    },
    {
      "reasonCode": "authenticated_write_not_bound",
      "result": "excluded",
      "sourceName": "sendRawTransactionSync",
      "sourceProfile": "viem-public",
    },
    {
      "reasonCode": "non_finite_request",
      "result": "excluded",
      "sourceName": "simulate",
      "sourceProfile": "viem-public",
    },
    {
      "reasonCode": "non_finite_request",
      "result": "excluded",
      "sourceName": "simulateBlocks",
      "sourceProfile": "viem-public",
    },
    {
      "reasonCode": "non_finite_request",
      "result": "excluded",
      "sourceName": "simulateCalls",
      "sourceProfile": "viem-public",
    },
    {
      "reasonCode": "callback_input",
      "result": "excluded",
      "sourceName": "simulateContract",
      "sourceProfile": "viem-public",
    },
    {
      "reasonCode": "opaque_runtime_object",
      "result": "excluded",
      "sourceName": "token",
      "sourceProfile": "viem-public",
    },
    {
      "reasonCode": "callback_input",
      "result": "excluded",
      "sourceName": "uninstallFilter",
      "sourceProfile": "viem-public",
    },
    {
      "completion": "synchronous",
      "result": "included",
      "sourceName": "verifyHash",
      "sourceProfile": "viem-public",
      "toolName": "workflow.chain.public.verify_hash",
    },
    {
      "completion": "synchronous",
      "result": "included",
      "sourceName": "verifyMessage",
      "sourceProfile": "viem-public",
      "toolName": "workflow.chain.public.verify_message",
    },
    {
      "reasonCode": "opaque_runtime_object",
      "result": "excluded",
      "sourceName": "verifySiweMessage",
      "sourceProfile": "viem-public",
    },
    {
      "reasonCode": "non_finite_request",
      "result": "excluded",
      "sourceName": "verifyTypedData",
      "sourceProfile": "viem-public",
    },
    {
      "reasonCode": "callback_input",
      "result": "excluded",
      "sourceName": "waitForTransactionReceipt",
      "sourceProfile": "viem-public",
    },
    {
      "reasonCode": "subscription",
      "result": "excluded",
      "sourceName": "watchBlockHeaders",
      "sourceProfile": "viem-public",
    },
    {
      "reasonCode": "subscription",
      "result": "excluded",
      "sourceName": "watchBlockNumber",
      "sourceProfile": "viem-public",
    },
    {
      "reasonCode": "subscription",
      "result": "excluded",
      "sourceName": "watchBlocks",
      "sourceProfile": "viem-public",
    },
    {
      "reasonCode": "subscription",
      "result": "excluded",
      "sourceName": "watchContractEvent",
      "sourceProfile": "viem-public",
    },
    {
      "reasonCode": "subscription",
      "result": "excluded",
      "sourceName": "watchEvent",
      "sourceProfile": "viem-public",
    },
    {
      "reasonCode": "subscription",
      "result": "excluded",
      "sourceName": "watchPendingTransactions",
      "sourceProfile": "viem-public",
    },
    {
      "reasonCode": "account_not_injectable",
      "result": "excluded",
      "sourceName": "addChain",
      "sourceProfile": "viem-wallet",
    },
    {
      "completion": "external_handle",
      "result": "included",
      "sourceName": "deployContract",
      "sourceProfile": "viem-wallet",
      "toolName": "workflow.chain.wallet.deploy_contract",
    },
    {
      "reasonCode": "callback_input",
      "result": "excluded",
      "sourceName": "fillTransaction",
      "sourceProfile": "viem-wallet",
    },
    {
      "reasonCode": "account_not_injectable",
      "result": "excluded",
      "sourceName": "getAddresses",
      "sourceProfile": "viem-wallet",
    },
    {
      "reasonCode": "account_not_injectable",
      "result": "excluded",
      "sourceName": "getCallsStatus",
      "sourceProfile": "viem-wallet",
    },
    {
      "reasonCode": "account_not_injectable",
      "result": "excluded",
      "sourceName": "getCapabilities",
      "sourceProfile": "viem-wallet",
    },
    {
      "reasonCode": "account_not_injectable",
      "result": "excluded",
      "sourceName": "getChainId",
      "sourceProfile": "viem-wallet",
    },
    {
      "reasonCode": "account_not_injectable",
      "result": "excluded",
      "sourceName": "getPermissions",
      "sourceProfile": "viem-wallet",
    },
    {
      "reasonCode": "callback_input",
      "result": "excluded",
      "sourceName": "prepareAuthorization",
      "sourceProfile": "viem-wallet",
    },
    {
      "reasonCode": "callback_input",
      "result": "excluded",
      "sourceName": "prepareTransactionRequest",
      "sourceProfile": "viem-wallet",
    },
    {
      "reasonCode": "account_not_injectable",
      "result": "excluded",
      "sourceName": "requestAddresses",
      "sourceProfile": "viem-wallet",
    },
    {
      "reasonCode": "account_not_injectable",
      "result": "excluded",
      "sourceName": "requestPermissions",
      "sourceProfile": "viem-wallet",
    },
    {
      "reasonCode": "non_finite_request",
      "result": "excluded",
      "sourceName": "sendCalls",
      "sourceProfile": "viem-wallet",
    },
    {
      "reasonCode": "non_finite_request",
      "result": "excluded",
      "sourceName": "sendCallsSync",
      "sourceProfile": "viem-wallet",
    },
    {
      "reasonCode": "account_not_injectable",
      "result": "excluded",
      "sourceName": "sendRawTransaction",
      "sourceProfile": "viem-wallet",
    },
    {
      "reasonCode": "account_not_injectable",
      "result": "excluded",
      "sourceName": "sendRawTransactionSync",
      "sourceProfile": "viem-wallet",
    },
    {
      "completion": "external_handle",
      "result": "included",
      "sourceName": "sendTransaction",
      "sourceProfile": "viem-wallet",
      "toolName": "workflow.chain.wallet.send_transaction",
    },
    {
      "completion": "bounded_wait",
      "result": "included",
      "sourceName": "sendTransactionSync",
      "sourceProfile": "viem-wallet",
      "toolName": "workflow.chain.wallet.send_transaction_sync",
    },
    {
      "reasonCode": "account_not_injectable",
      "result": "excluded",
      "sourceName": "showCallsStatus",
      "sourceProfile": "viem-wallet",
    },
    {
      "reasonCode": "callback_input",
      "result": "excluded",
      "sourceName": "signAuthorization",
      "sourceProfile": "viem-wallet",
    },
    {
      "completion": "synchronous",
      "result": "included",
      "sourceName": "signMessage",
      "sourceProfile": "viem-wallet",
      "toolName": "workflow.chain.wallet.sign_message",
    },
    {
      "completion": "synchronous",
      "result": "included",
      "sourceName": "signTransaction",
      "sourceProfile": "viem-wallet",
      "toolName": "workflow.chain.wallet.sign_transaction",
    },
    {
      "reasonCode": "non_finite_request",
      "result": "excluded",
      "sourceName": "signTypedData",
      "sourceProfile": "viem-wallet",
    },
    {
      "reasonCode": "account_not_injectable",
      "result": "excluded",
      "sourceName": "switchChain",
      "sourceProfile": "viem-wallet",
    },
    {
      "reasonCode": "opaque_runtime_object",
      "result": "excluded",
      "sourceName": "token",
      "sourceProfile": "viem-wallet",
    },
    {
      "reasonCode": "account_not_injectable",
      "result": "excluded",
      "sourceName": "waitForCallsStatus",
      "sourceProfile": "viem-wallet",
    },
    {
      "reasonCode": "account_not_injectable",
      "result": "excluded",
      "sourceName": "watchAsset",
      "sourceProfile": "viem-wallet",
    },
    {
      "completion": "external_handle",
      "result": "included",
      "sourceName": "writeContract",
      "sourceProfile": "viem-wallet",
      "toolName": "workflow.chain.wallet.write_contract",
    },
    {
      "completion": "bounded_wait",
      "result": "included",
      "sourceName": "writeContractSync",
      "sourceProfile": "viem-wallet",
      "toolName": "workflow.chain.wallet.write_contract_sync",
    },
  ],
  "version": "2.55.19",
}
`;
